    Checking cfg-if v1.0.4
    Checking libc v0.2.186
    Checking serde_core v1.0.228
    Checking once_cell v1.21.4
    Checking pin-project-lite v0.2.17
    Checking itoa v1.0.18
    Checking futures-core v0.3.32
    Checking bytes v1.11.1
    Checking smallvec v1.15.1
    Checking scopeguard v1.2.0
    Checking lock_api v0.4.14
    Checking zerocopy v0.8.50
    Checking crossbeam-utils v0.8.21
    Checking http v1.5.0
    Checking parking_lot_core v0.9.12
    Checking parking_lot v0.12.5
    Checking errno v0.3.14
    Checking bitflags v2.11.1
    Checking signal-hook-registry v1.4.8
    Checking http-body v1.1.0
    Checking mio v1.2.1
    Checking getrandom v0.3.4
    Checking socket2 v0.6.4
    Checking slab v0.4.12
    Checking futures-task v0.3.32
    Checking typenum v1.20.1
    Checking tokio v1.52.3
    Checking serde v1.0.228
    Checking generic-array v0.14.7
    Checking futures-util v0.3.32
    Checking crossbeam-epoch v0.9.18
    Checking tracing-core v0.1.36
    Checking either v1.16.0
    Checking log v0.4.30
    Checking tower-service v0.3.3
    Checking crossbeam-deque v0.8.6
    Checking num-traits v0.2.19
    Checking zmij v1.0.21
    Checking getrandom v0.4.3
    Checking tower-layer v0.3.3
    Checking memchr v2.8.1
    Checking tracing v0.1.44
    Checking rayon-core v1.13.0
    Checking httparse v1.10.1
    Checking block-buffer v0.10.4
    Checking serde_json v1.0.150
    Checking crypto-common v0.1.7
    Checking http-body-util v0.1.5
    Checking futures-channel v0.3.32
    Checking percent-encoding v2.3.2
    Checking subtle v2.6.1
    Checking sync_wrapper v1.0.2
    Checking atomic-waker v1.1.2
    Checking clap_lex v1.1.0
    Checking anstyle v1.0.14
    Checking httpdate v1.0.3
    Checking hashbrown v0.17.1
    Checking equivalent v1.0.2
    Checking clap_builder v4.6.6
    Checking digest v0.10.7
    Checking hyper v1.11.0
    Checking form_urlencoded v1.2.2
    Checking indexmap v2.14.0
    Checking rayon v1.12.0
    Checking toml_datetime v0.6.11
    Checking serde_spanned v0.6.9
    Checking rand_core v0.9.5
    Checking winnow v0.7.15
    Checking linux-raw-sys v0.12.1
    Checking toml_write v0.1.2
    Checking regex-syntax v0.8.10
    Checking mime v0.3.17
    Checking ryu v1.0.23
    Checking serde_urlencoded v0.7.1
    Checking axum-core v0.4.5
    Checking rustix v1.1.4
    Checking toml_edit v0.22.27
    Checking clap v4.6.6
    Checking nix v0.31.3
    Checking hyper-util v0.1.20
    Checking tower v0.5.3
    Checking half v2.7.1
    Checking serde_path_to_error v0.1.20
    Checking fastrand v2.5.0
    Checking iana-time-zone v0.1.65
    Checking matchit v0.7.3
    Checking hashbrown v0.14.5
    Checking cpufeatures v0.2.17
    Checking plotters-backend v0.3.7
    Checking twox-hash v2.1.2
    Checking ciborium-io v0.2.2
    Checking ciborium-ll v0.2.2
    Checking lz4_flex v0.11.6
    Checking sha2 v0.10.9
    Checking plotters-svg v0.3.7
    Checking toml v0.8.23
    Checking axum v0.7.9
    Checking dashmap v5.5.3
    Checking chrono v0.4.45
    Checking tempfile v3.27.0
    Checking thiserror v1.0.69
    Checking ctrlc v3.5.2
    Checking ahash v0.8.12
    Checking regex-automata v0.4.18
    Checking sysinfo v0.29.11
    Checking crc32fast v1.5.0
    Checking anyhow v1.0.102
    Checking hmac v0.12.1
    Checking tokio-stream v0.1.19
    Checking tower-http v0.5.2
    Checking arc-swap v1.9.1
    Checking uuid v1.24.1
    Checking ppv-lite86 v0.2.21
    Checking itertools v0.10.5
    Checking tracing-subscriber v0.3.23
    Checking wait-timeout v0.2.1
    Checking num_cpus v1.17.0
    Checking crossbeam-channel v0.5.16
    Checking crossbeam-queue v0.3.13
    Checking hex v0.4.3
    Checking cast v0.3.0
    Checking quick-error v1.2.3
    Checking shlex v2.0.1
    Checking fnv v1.0.7
    Checking same-file v1.0.6
    Checking bit-vec v0.8.0
    Checking walkdir v2.5.0
    Checking rusty-fork v0.3.1
    Checking bit-set v0.8.0
    Checking rand_chacha v0.9.0
    Checking regex v1.12.3
    Checking criterion-plot v0.5.0
    Checking plotters v0.3.7
    Checking ciborium v0.2.2
    Checking rand v0.9.5
    Checking rand_xorshift v0.4.0
    Checking tinytemplate v1.2.1
    Checking futures-executor v0.3.32
    Checking is-terminal v0.4.17
    Checking unarray v0.1.4
    Checking oorandom v11.1.5
    Checking anes v0.1.6
    Checking proptest v1.11.0
    Checking serial_test v3.5.0
    Checking criterion v0.5.1
    Checking ramshield v0.2.0 (/home/m/vehicle_of_rationalism/ramshield/beta/rs)
error: this `if` statement can be collapsed
   --> src/alerting/mod.rs:163:13
    |
163 | /             if let Some(&last_ts) = last.get(source) {
164 | |                 if now_ms.saturating_sub(last_ts) < cooldown_ms {
165 | |                     return; // In cooldown
166 | |                 }
167 | |             }
    | |_____________^
    |
    = help: for further information visit https://rust-lang.github.io/rust-clippy/master/index.html#collapsible_if
    = note: `-D clippy::collapsible-if` implied by `-D warnings`
    = help: to override `-D warnings` add `#[allow(clippy::collapsible_if)]`
help: collapse nested if block
    |
163 ~             if let Some(&last_ts) = last.get(source)
164 ~                 && now_ms.saturating_sub(last_ts) < cooldown_ms {
165 |                     return; // In cooldown
166 ~                 }
    |

error: this `if` statement can be collapsed
   --> src/cache.rs:133:9
    |
133 | /         if let Some(exp) = entry.expire {
134 | |             if now >= exp {
135 | |                 drop(entry);
136 | |                 self.inner.remove(key);
...   |
140 | |         }
    | |_________^
    |
    = help: for further information visit https://rust-lang.github.io/rust-clippy/master/index.html#collapsible_if
help: collapse nested if block
    |
133 ~         if let Some(exp) = entry.expire
134 ~             && now >= exp {
135 |                 drop(entry);
...
138 |                 return None;
139 ~             }
    |

error: this `if` statement can be collapsed
   --> src/config.rs:191:9
    |
191 | /         if let Ok(v) = std::env::var("RAMSHIELD_ENGINE__RAM_LIMIT_MB") {
192 | |             if let Ok(parsed) = v.parse::<usize>() {
193 | |                 cfg.engine.ram_limit_mb = parsed;
194 | |             }
195 | |         }
    | |_________^
    |
    = help: for further information visit https://rust-lang.github.io/rust-clippy/master/index.html#collapsible_if
help: collapse nested if block
    |
191 ~         if let Ok(v) = std::env::var("RAMSHIELD_ENGINE__RAM_LIMIT_MB")
192 ~             && let Ok(parsed) = v.parse::<usize>() {
193 |                 cfg.engine.ram_limit_mb = parsed;
194 ~             }
    |

error: this `if` statement can be collapsed
   --> src/config.rs:196:9
    |
196 | /         if let Ok(v) = std::env::var("RAMSHIELD_ENGINE__WORKER_THREADS") {
197 | |             if let Ok(parsed) = v.parse::<usize>() {
198 | |                 cfg.engine.worker_threads = parsed;
199 | |             }
200 | |         }
    | |_________^
    |
    = help: for further information visit https://rust-lang.github.io/rust-clippy/master/index.html#collapsible_if
help: collapse nested if block
    |
196 ~         if let Ok(v) = std::env::var("RAMSHIELD_ENGINE__WORKER_THREADS")
197 ~             && let Ok(parsed) = v.parse::<usize>() {
198 |                 cfg.engine.worker_threads = parsed;
199 ~             }
    |

error: this `if` statement can be collapsed
   --> src/config.rs:201:9
    |
201 | /         if let Ok(v) = std::env::var("RAMSHIELD_ENGINE__SHARD_COUNT") {
202 | |             if let Ok(parsed) = v.parse::<usize>() {
203 | |                 cfg.engine.shard_count = parsed.next_power_of_two();
204 | |             }
205 | |         }
    | |_________^
    |
    = help: for further information visit https://rust-lang.github.io/rust-clippy/master/index.html#collapsible_if
help: collapse nested if block
    |
201 ~         if let Ok(v) = std::env::var("RAMSHIELD_ENGINE__SHARD_COUNT")
202 ~             && let Ok(parsed) = v.parse::<usize>() {
203 |                 cfg.engine.shard_count = parsed.next_power_of_two();
204 ~             }
    |

error: this `if` statement can be collapsed
   --> src/config.rs:208:9
    |
208 | /         if let Ok(v) = std::env::var("RAMSHIELD_DETECTION__RPS_THRESHOLD") {
209 | |             if let Ok(parsed) = v.parse::<u64>() {
210 | |                 cfg.detection.rps_threshold = parsed;
211 | |             }
212 | |         }
    | |_________^
    |
    = help: for further information visit https://rust-lang.github.io/rust-clippy/master/index.html#collapsible_if
help: collapse nested if block
    |
208 ~         if let Ok(v) = std::env::var("RAMSHIELD_DETECTION__RPS_THRESHOLD")
209 ~             && let Ok(parsed) = v.parse::<u64>() {
210 |                 cfg.detection.rps_threshold = parsed;
211 ~             }
    |

error: this `if` statement can be collapsed
   --> src/config.rs:213:9
    |
213 | /         if let Ok(v) = std::env::var("RAMSHIELD_DETECTION__PROMOTE_MIN_EVENTS") {
214 | |             if let Ok(parsed) = v.parse::<u32>() {
215 | |                 cfg.detection.promote_min_events = parsed;
216 | |             }
217 | |         }
    | |_________^
    |
    = help: for further information visit https://rust-lang.github.io/rust-clippy/master/index.html#collapsible_if
help: collapse nested if block
    |
213 ~         if let Ok(v) = std::env::var("RAMSHIELD_DETECTION__PROMOTE_MIN_EVENTS")
214 ~             && let Ok(parsed) = v.parse::<u32>() {
215 |                 cfg.detection.promote_min_events = parsed;
216 ~             }
    |

error: this `if` statement can be collapsed
   --> src/config.rs:218:9
    |
218 | /         if let Ok(v) = std::env::var("RAMSHIELD_DETECTION__BATCH_WINDOW_MS") {
219 | |             if let Ok(parsed) = v.parse::<u64>() {
220 | |                 cfg.detection.batch_window_ms = parsed;
221 | |             }
222 | |         }
    | |_________^
    |
    = help: for further information visit https://rust-lang.github.io/rust-clippy/master/index.html#collapsible_if
help: collapse nested if block
    |
218 ~         if let Ok(v) = std::env::var("RAMSHIELD_DETECTION__BATCH_WINDOW_MS")
219 ~             && let Ok(parsed) = v.parse::<u64>() {
220 |                 cfg.detection.batch_window_ms = parsed;
221 ~             }
    |

error: this `if` statement can be collapsed
   --> src/config.rs:223:9
    |
223 | /         if let Ok(v) = std::env::var("RAMSHIELD_DETECTION__SUBNET_WINDOW_THRESHOLD") {
224 | |             if let Ok(parsed) = v.parse::<u64>() {
225 | |                 cfg.detection.subnet_window_threshold = parsed;
226 | |             }
227 | |         }
    | |_________^
    |
    = help: for further information visit https://rust-lang.github.io/rust-clippy/master/index.html#collapsible_if
help: collapse nested if block
    |
223 ~         if let Ok(v) = std::env::var("RAMSHIELD_DETECTION__SUBNET_WINDOW_THRESHOLD")
224 ~             && let Ok(parsed) = v.parse::<u64>() {
225 |                 cfg.detection.subnet_window_threshold = parsed;
226 ~             }
    |

error: this `if` statement can be collapsed
   --> src/config.rs:228:9
    |
228 | /         if let Ok(v) = std::env::var("RAMSHIELD_DETECTION__BLOCK_TTL_SECS") {
229 | |             if let Ok(parsed) = v.parse::<u64>() {
230 | |                 cfg.detection.block_ttl_secs = parsed;
231 | |             }
232 | |         }
    | |_________^
    |
    = help: for further information visit https://rust-lang.github.io/rust-clippy/master/index.html#collapsible_if
help: collapse nested if block
    |
228 ~         if let Ok(v) = std::env::var("RAMSHIELD_DETECTION__BLOCK_TTL_SECS")
229 ~             && let Ok(parsed) = v.parse::<u64>() {
230 |                 cfg.detection.block_ttl_secs = parsed;
231 ~             }
    |

error: this `if` statement can be collapsed
   --> src/config.rs:233:9
    |
233 | /         if let Ok(v) = std::env::var("RAMSHIELD_DETECTION__HISTORY_CAP") {
234 | |             if let Ok(parsed) = v.parse::<usize>() {
235 | |                 cfg.detection.history_cap = parsed;
236 | |             }
237 | |         }
    | |_________^
    |
    = help: for further information visit https://rust-lang.github.io/rust-clippy/master/index.html#collapsible_if
help: collapse nested if block
    |
233 ~         if let Ok(v) = std::env::var("RAMSHIELD_DETECTION__HISTORY_CAP")
234 ~             && let Ok(parsed) = v.parse::<usize>() {
235 |                 cfg.detection.history_cap = parsed;
236 ~             }
    |

error: this `if` statement can be collapsed
   --> src/config.rs:238:9
    |
238 | /         if let Ok(v) = std::env::var("RAMSHIELD_DETECTION__PATTERN_SIMILARITY_THRESHOLD") {
239 | |             if let Ok(parsed) = v.parse::<f32>() {
240 | |                 cfg.detection.pattern_similarity_threshold = parsed;
241 | |             }
242 | |         }
    | |_________^
    |
    = help: for further information visit https://rust-lang.github.io/rust-clippy/master/index.html#collapsible_if
help: collapse nested if block
    |
238 ~         if let Ok(v) = std::env::var("RAMSHIELD_DETECTION__PATTERN_SIMILARITY_THRESHOLD")
239 ~             && let Ok(parsed) = v.parse::<f32>() {
240 |                 cfg.detection.pattern_similarity_threshold = parsed;
241 ~             }
    |

error: this `if` statement can be collapsed
   --> src/config.rs:248:9
    |
248 | /         if let Ok(v) = std::env::var("RAMSHIELD_IPC__MAX_CONNECTIONS") {
249 | |             if let Ok(parsed) = v.parse::<usize>() {
250 | |                 cfg.ipc.max_connections = parsed;
251 | |             }
252 | |         }
    | |_________^
    |
    = help: for further information visit https://rust-lang.github.io/rust-clippy/master/index.html#collapsible_if
help: collapse nested if block
    |
248 ~         if let Ok(v) = std::env::var("RAMSHIELD_IPC__MAX_CONNECTIONS")
249 ~             && let Ok(parsed) = v.parse::<usize>() {
250 |                 cfg.ipc.max_connections = parsed;
251 ~             }
    |

error: this `if` statement can be collapsed
   --> src/config.rs:255:9
    |
255 | /         if let Ok(v) = std::env::var("RAMSHIELD_DASHBOARD__ENABLED") {
256 | |             if let Ok(parsed) = v.parse::<bool>() {
257 | |                 cfg.dashboard.enabled = parsed;
258 | |             }
259 | |         }
    | |_________^
    |
    = help: for further information visit https://rust-lang.github.io/rust-clippy/master/index.html#collapsible_if
help: collapse nested if block
    |
255 ~         if let Ok(v) = std::env::var("RAMSHIELD_DASHBOARD__ENABLED")
256 ~             && let Ok(parsed) = v.parse::<bool>() {
257 |                 cfg.dashboard.enabled = parsed;
258 ~             }
    |

error: this `if` statement can be collapsed
   --> src/config.rs:265:9
    |
265 | /         if let Ok(v) = std::env::var("RAMSHIELD_STORAGE__WAL_ENABLED") {
266 | |             if let Ok(parsed) = v.parse::<bool>() {
267 | |                 cfg.storage.wal_enabled = parsed;
268 | |             }
269 | |         }
    | |_________^
    |
    = help: for further information visit https://rust-lang.github.io/rust-clippy/master/index.html#collapsible_if
help: collapse nested if block
    |
265 ~         if let Ok(v) = std::env::var("RAMSHIELD_STORAGE__WAL_ENABLED")
266 ~             && let Ok(parsed) = v.parse::<bool>() {
267 |                 cfg.storage.wal_enabled = parsed;
268 ~             }
    |

error: this `if` statement can be collapsed
   --> src/config.rs:275:9
    |
275 | /         if let Ok(v) = std::env::var("RAMSHIELD_FORECASTING__ENABLED") {
276 | |             if let Ok(parsed) = v.parse::<bool>() {
277 | |                 cfg.forecasting.enabled = parsed;
278 | |             }
279 | |         }
    | |_________^
    |
    = help: for further information visit https://rust-lang.github.io/rust-clippy/master/index.html#collapsible_if
help: collapse nested if block
    |
275 ~         if let Ok(v) = std::env::var("RAMSHIELD_FORECASTING__ENABLED")
276 ~             && let Ok(parsed) = v.parse::<bool>() {
277 |                 cfg.forecasting.enabled = parsed;
278 ~             }
    |

error: this `if` statement can be collapsed
   --> src/detection/mod.rs:479:21
    |
479 | /                     if let Some(e) = self.store.inner().get(&key) {
480 | |                         if let Value::IpRecord(ref r) = e.value().value {
481 | |                             if matches!(r.block_state, BlockState::Blocked { .. }) {
482 | |                                 continue;
...   |
495 | |                     }
    | |_____________________^
    |
    = help: for further information visit https://rust-lang.github.io/rust-clippy/master/index.html#collapsible_if
help: collapse nested if block
    |
479 ~                     if let Some(e) = self.store.inner().get(&key)
480 ~                         && let Value::IpRecord(ref r) = e.value().value {
481 |                             if matches!(r.block_state, BlockState::Blocked { .. }) {
...
493 |                             self.metrics.blocks_subnet.fetch_add(1, Ordering::Relaxed);
494 ~                         }
    |

error: this `if` statement can be collapsed
   --> src/dns/forecasting/mod.rs:112:9
    |
112 | /         if let Ok(elapsed) = pattern.last_seen.elapsed() {
113 | |             if elapsed < Duration::from_secs(300) {
114 | |                 score += 0.1;
115 | |             }
116 | |         }
    | |_________^
    |
    = help: for further information visit https://rust-lang.github.io/rust-clippy/master/index.html#collapsible_if
help: collapse nested if block
    |
112 ~         if let Ok(elapsed) = pattern.last_seen.elapsed()
113 ~             && elapsed < Duration::from_secs(300) {
114 |                 score += 0.1;
115 ~             }
    |

error: casting to the same type is unnecessary (`usize` -> `usize`)
   --> src/enforcement/mod.rs:226:72
    |
226 |                 self.store.insert(key, Value::IpRecord(rec), ttl_secs, self.store.ram_bytes() as usize)
    |                                                                        ^^^^^^^^^^^^^^^^^^^^^^^^^^^^^^^ help: try: `self.store.ram_bytes()`
    |
    = help: for further information visit https://rust-lang.github.io/rust-clippy/master/index.html#unnecessary_cast
    = note: `-D clippy::unnecessary-cast` implied by `-D warnings`
    = help: to override `-D warnings` add `#[allow(clippy::unnecessary_cast)]`

error: casting to the same type is unnecessary (`usize` -> `usize`)
   --> src/enforcement/mod.rs:239:75
    |
239 |                     self.store.insert(cmd.ip, Value::IpRecord(rec), None, self.store.ram_bytes() as usize)
    |                                                                           ^^^^^^^^^^^^^^^^^^^^^^^^^^^^^^^ help: try: `self.store.ram_bytes()`
    |
    = help: for further information visit https://rust-lang.github.io/rust-clippy/master/index.html#unnecessary_cast

error: named constant with interior mutability
  --> src/storage/mod.rs:40:15
   |
40 |         const Z: AtomicU64 = AtomicU64::new(0);
   |               ^
   |
   = help: did you mean to make this a `static` item
   = help: for further information visit https://rust-lang.github.io/rust-clippy/master/index.html#declare_interior_mutable_const
   = note: `-D clippy::declare-interior-mutable-const` implied by `-D warnings`
   = help: to override `-D warnings` add `#[allow(clippy::declare_interior_mutable_const)]`

error: this `if` statement can be collapsed
   --> src/storage/mod.rs:333:13
    |
333 | /             if expired {
334 | |                 if let Some((_k, e)) = self.inner.remove(key) {
335 | |                     let freed = std::mem::size_of::<IpAddr>() + std::mem::size_of::<Entry>() + e.value.heap_bytes();
336 | |                     self.ram_bytes.fetch_sub(freed, Ordering::Relaxed);
...   |
339 | |             }
    | |_____________^
    |
    = help: for further information visit https://rust-lang.github.io/rust-clippy/master/index.html#collapsible_if
help: collapse nested if block
    |
333 ~             if expired
334 ~                 && let Some((_k, e)) = self.inner.remove(key) {
335 |                     let freed = std::mem::size_of::<IpAddr>() + std::mem::size_of::<Entry>() + e.value.heap_bytes();
336 |                     self.ram_bytes.fetch_sub(freed, Ordering::Relaxed);
337 |                     self.total_evictions.fetch_add(1, Ordering::Relaxed);
338 ~                 }
    |

error: could not compile `ramshield` (lib) due to 22 previous errors
warning: build failed, waiting for other jobs to finish...
error: could not compile `ramshield` (lib test) due to 22 previous errors
